// Jest Snapshot v1, https://goo.gl/fbAQLP

exports[`App renders correctly 1`] = `
<section
  id="app"
>
  <div
    className="waiting-for-media"
  >
    Press play to see the animation
  </div>
  <nav>
    <div
      className="input closed"
      data-testid="inputMenu"
    >
      <div
        className="input"
      >
        <section
          className="colors"
        >
          <h2>
            Colors
          </h2>
          <div
            className="color-picker-wrapper"
          >
            <div
              className="from"
            >
              <span>
                From
              </span>
              <div
                className="color-picker"
              >
                <div>
                  <label>
                    R
                  </label>
                  <input
                    data-testid="fromColorR"
                    max="255"
                    min="0"
                    onChange={[Function]}
                    type="range"
                    value={0}
                  />
                </div>
                <div>
                  <label>
                    G
                  </label>
                  <input
                    data-testid="fromColorG"
                    max="255"
                    min="0"
                    onChange={[Function]}
                    type="range"
                    value={163}
                  />
                </div>
                <div>
                  <label>
                    B
                  </label>
                  <input
                    data-testid="fromColorB"
                    max="255"
                    min="0"
                    onChange={[Function]}
                    type="range"
                    value={249}
                  />
                </div>
                <div>
                  <label>
                    A
                  </label>
                  <input
                    data-testid="fromColorA"
                    max="255"
                    min="0"
                    onChange={[Function]}
                    type="range"
                    value={0.9}
                  />
                </div>
                <div
                  className="preview"
                  data-testid="fromColorPreview"
                  style={
                    Object {
                      "background": "rgba(0, 163, 249, 0.9)",
                    }
                  }
                />
              </div>
            </div>
            <div
              className="to"
            >
              <span>
                To
              </span>
              <div
                className="color-picker"
              >
                <div>
                  <label>
                    R
                  </label>
                  <input
                    data-testid="toColorR"
                    max="255"
                    min="0"
                    onChange={[Function]}
                    type="range"
                    value={0}
                  />
                </div>
                <div>
                  <label>
                    G
                  </label>
                  <input
                    data-testid="toColorG"
                    max="255"
                    min="0"
                    onChange={[Function]}
                    type="range"
                    value={249}
                  />
                </div>
                <div>
                  <label>
                    B
                  </label>
                  <input
                    data-testid="toColorB"
                    max="255"
                    min="0"
                    onChange={[Function]}
                    type="range"
                    value={109}
                  />
                </div>
                <div>
                  <label>
                    A
                  </label>
                  <input
                    data-testid="toColorA"
                    max="255"
                    min="0"
                    onChange={[Function]}
                    type="range"
                    value={0.9}
                  />
                </div>
                <div
                  className="preview"
                  data-testid="toColorPreview"
                  style={
                    Object {
                      "background": "rgba(0, 249, 109, 0.9)",
                    }
                  }
                />
              </div>
            </div>
          </div>
        </section>
        <section
          className="complexity"
        >
          <h2>
            Complexity
          </h2>
        </section>
        <section
          className="complexity"
        >
          <h2>
            Third input
          </h2>
        </section>
      </div>
    </div>
    <div
      className="navigation-line"
    >
      <img
        alt="Input"
        className="btn-input"
        height={24}
        onClick={[Function]}
        src="test-file-stub"
        width={24}
      />
      <div
        className="media"
      >
        <div>
          <audio
            onLoadedMetadata={[Function]}
            onPause={[Function]}
            onPlay={[Function]}
            onTimeUpdate={[Function]}
            src="/media/Dreams (2004 Remaster).mp3"
            style={
              Object {
                "display": "hidden",
              }
            }
          />
          <div
            className="media-controls"
          >
            <img
              alt="Play"
              height={24}
              onClick={[Function]}
              src="test-file-stub"
              width={24}
            />
            <div
              className="elapsed-wrapper"
            >
              <div
                className="duration-line"
              />
              <div
                className="elapsed-dot"
                style={
                  Object {
                    "left": "0%",
                  }
                }
              />
            </div>
          </div>
        </div>
      </div>
    </div>
  </nav>
</section>
`;
